
> react-kavia@0.1.0 start
> react-scripts start

Attempting to bind to HOST environment variable: 0.0.0.0
If this was unintentional, check that you haven't mistakenly set it in your shell.
Learn more here: https://cra.link/advanced-config

(node:2689) [DEP_WEBPACK_DEV_SERVER_ON_AFTER_SETUP_MIDDLEWARE] DeprecationWarning: 'onAfterSetupMiddleware' option is deprecated. Please use the 'setupMiddlewares' option.
(Use `node --trace-deprecation ...` to show where the warning was created)
(node:2689) [DEP_WEBPACK_DEV_SERVER_ON_BEFORE_SETUP_MIDDLEWARE] DeprecationWarning: 'onBeforeSetupMiddleware' option is deprecated. Please use the 'setupMiddlewares' option.
Starting the development server...

Compiled successfully!

You can now view react-kavia in the browser.

  Local:            http://localhost:3000
  On Your Network:  http://172.17.0.2:3000

Note that the development build is not optimized.
To create a production build, use npm run build.

webpack compiled successfully
Compiling...
Compiled with warnings.

[eslint] 
src/App.js
  Line 14:19:  'GAME_TIMER_SEC' is defined but never used      no-unused-vars
  Line 86:10:  'collected' is assigned a value but never used  no-unused-vars

src/components/GameKitchen.js
  Line 2:37:  'KITCHEN_COLS' is defined but never used  no-unused-vars

src/context/GameContext.js
  Line 4:3:  'FRENZY_MODE_DURATION_SEC' is defined but never used  no-unused-vars
  Line 9:3:  'CUSTOMER_MOODS' is defined but never used            no-unused-vars

Search for the keywords to learn more about each warning.
To ignore, add // eslint-disable-next-line to the line before.

WARNING in [eslint] 
src/App.js
  Line 14:19:  'GAME_TIMER_SEC' is defined but never used      no-unused-vars
  Line 86:10:  'collected' is assigned a value but never used  no-unused-vars

src/components/GameKitchen.js
  Line 2:37:  'KITCHEN_COLS' is defined but never used  no-unused-vars

src/context/GameContext.js
  Line 4:3:  'FRENZY_MODE_DURATION_SEC' is defined but never used  no-unused-vars
  Line 9:3:  'CUSTOMER_MOODS' is defined but never used            no-unused-vars

webpack compiled with 1 warning
